test_bad_transform_fails_before_change (test_blender.DispatcherTests.test_bad_transform_fails_before_change) ... ok
test_collection_link_idempotent (test_blender.DispatcherTests.test_collection_link_idempotent) ... ok
test_collision_has_no_implicit_suffix (test_blender.DispatcherTests.test_collision_has_no_implicit_suffix) ... ok
test_create_and_list_empty (test_blender.DispatcherTests.test_create_and_list_empty) ... ok
test_delete (test_blender.DispatcherTests.test_delete) ... ok
test_inspect (test_blender.DispatcherTests.test_inspect) ... ok
test_material_creation_and_assignment (test_blender.DispatcherTests.test_material_creation_and_assignment) ... ok
test_open_disables_embedded_scripts (test_blender.DispatcherTests.test_open_disables_embedded_scripts) ... ok
test_render_restores_settings (test_blender.DispatcherTests.test_render_restores_settings) ... ok
test_save_is_copy_and_private (test_blender.DispatcherTests.test_save_is_copy_and_private) ... ok
test_status (test_blender.DispatcherTests.test_status) ... ok
test_transform (test_blender.DispatcherTests.test_transform) ... ok
test_unrestricted_python_command_absent (test_blender.DispatcherTests.test_unrestricted_python_command_absent) ... ok
test_budget_checked_before_read (test_blender.FramingTests.test_budget_checked_before_read) ... ok
test_duplicate_key_rejected (test_blender.FramingTests.test_duplicate_key_rejected) ... ok
test_nonfinite_input_rejected (test_blender.FramingTests.test_nonfinite_input_rejected) ... ok
test_nonfinite_output_rejected (test_blender.FramingTests.test_nonfinite_output_rejected) ... ok
test_seeded_roundtrips (test_blender.FramingTests.test_seeded_roundtrips) ... ok
test_short_header (test_blender.FramingTests.test_short_header) ... ok
test_short_payload (test_blender.FramingTests.test_short_payload) ... ok
test_utf8_roundtrip (test_blender.FramingTests.test_utf8_roundtrip) ... ok
test_closed_connection_cancels_queued_work (test_blender.HostTests.test_closed_connection_cancels_queued_work) ... ok
test_declared_error_payload_redacted (test_blender.HostTests.test_declared_error_payload_redacted) ... ok
test_drain_budget (test_blender.HostTests.test_drain_budget) ... ok
test_exception_payload_redacted (test_blender.HostTests.test_exception_payload_redacted) ... ok
test_existing_socket_not_replaced (test_blender.HostTests.test_existing_socket_not_replaced) ... ok
test_expired_queued_job_does_not_dispatch (test_blender.HostTests.test_expired_queued_job_does_not_dispatch) ... ok
test_invalid_request_id_does_not_queue (test_blender.HostTests.test_invalid_request_id_does_not_queue) ... ok
test_main_thread_dispatch_only (test_blender.HostTests.test_main_thread_dispatch_only) ... ok
test_socket_mode (test_blender.HostTests.test_socket_mode) ... ok
test_wrong_handshake_closes (test_blender.HostTests.test_wrong_handshake_closes) ... ok
test_array_bounds (test_blender.ValidationTests.test_array_bounds) ... ok
test_boolean_is_not_integer (test_blender.ValidationTests.test_boolean_is_not_integer) ... ok
test_boolean_is_not_number (test_blender.ValidationTests.test_boolean_is_not_number) ... ok
test_bounds (test_blender.ValidationTests.test_bounds) ... ok
test_every_host_schema_is_same_as_registry (test_blender.ValidationTests.test_every_host_schema_is_same_as_registry) ... ok
test_infinity_rejected (test_blender.ValidationTests.test_infinity_rejected) ... ok
test_length_rejected (test_blender.ValidationTests.test_length_rejected) ... ok
test_nesting_budget (test_blender.ValidationTests.test_nesting_budget) ... ok
test_nul_rejected (test_blender.ValidationTests.test_nul_rejected) ... ok
test_open_object_schema_rejected (test_blender.ValidationTests.test_open_object_schema_rejected) ... ok
test_unknown_field_rejected (test_blender.ValidationTests.test_unknown_field_rejected) ... ok
test_unlisted_primitive_rejected (test_blender.ValidationTests.test_unlisted_primitive_rejected) ... ok
test_clean_existing_path (test_blender.WorkspaceTests.test_clean_existing_path) ... ok
test_clean_new_path (test_blender.WorkspaceTests.test_clean_new_path) ... ok
test_fifo_rejected (test_blender.WorkspaceTests.test_fifo_rejected) ... ok
test_filesystem_root_rejected (test_blender.WorkspaceTests.test_filesystem_root_rejected) ... ok
test_hardlink_rejected (test_blender.WorkspaceTests.test_hardlink_rejected) ... ok
test_leaf_symlink_rejected (test_blender.WorkspaceTests.test_leaf_symlink_rejected) ... ok
test_missing_existing_path (test_blender.WorkspaceTests.test_missing_existing_path) ... ok
test_parent_symlink_rejected (test_blender.WorkspaceTests.test_parent_symlink_rejected) ... ok
test_private_directory_rejects_modes (test_blender.WorkspaceTests.test_private_directory_rejects_modes) ... ok
test_relative_root_rejected (test_blender.WorkspaceTests.test_relative_root_rejected) ... ok
test_suffix_rejected (test_blender.WorkspaceTests.test_suffix_rejected) ... ok
test_traversal_rejected (test_blender.WorkspaceTests.test_traversal_rejected) ... ok
test_all_162_schemas_valid (test_contracts.ContractTests.test_all_162_schemas_valid) ... ok
test_all_descriptors_bounded (test_contracts.ContractTests.test_all_descriptors_bounded) ... ok
test_backend_internal_arguments_rejected (test_contracts.ContractTests.test_backend_internal_arguments_rejected) ... ok
test_bridge_metadata (test_contracts.ContractTests.test_bridge_metadata) ... ok
test_cli_payload_examples (test_contracts.ContractTests.test_cli_payload_examples) ... ok
test_every_input_is_closed (test_contracts.ContractTests.test_every_input_is_closed) ... ok
test_frontends_cannot_import_live_backends (test_contracts.ContractTests.test_frontends_cannot_import_live_backends) ... ok
test_gnome_xml_well_formed (test_contracts.ContractTests.test_gnome_xml_well_formed) ... ok
test_no_placeholder_rust_macros (test_contracts.ContractTests.test_no_placeholder_rust_macros) ... ok
test_no_unrestricted_code_surface (test_contracts.ContractTests.test_no_unrestricted_code_surface) ... ok
test_recipe_static_budgets_and_commands (test_contracts.ContractTests.test_recipe_static_budgets_and_commands) ... ok
test_ref_rejects_native_identifiers (test_contracts.ContractTests.test_ref_rejects_native_identifiers) ... ok
test_runtime_schema_has_no_remote_refs (test_contracts.ContractTests.test_runtime_schema_has_no_remote_refs) ... ok
test_toml_parses (test_contracts.ContractTests.test_toml_parses) ... ok
test_unique_command_names (test_contracts.ContractTests.test_unique_command_names) ... ok
test_workspace_local_paths_exist (test_contracts.ContractTests.test_workspace_local_paths_exist) ... ok

----------------------------------------------------------------------
Ran 71 tests in 2.801s

OK
