    Fetching advisory database from `https://github.com/RustSec/advisory-db.git`
      Loaded 1258 security advisories (from /home/sergio/.cargo/advisory-db)
    Updating crates.io index
    Scanning Cargo.lock for vulnerabilities (302 crate dependencies)
Crate:     paste
Version:   1.0.15
Warning:   unmaintained
Title:     paste - no longer maintained
Date:      2024-10-07
ID:        RUSTSEC-2024-0436
URL:       https://rustsec.org/advisories/RUSTSEC-2024-0436

Crate:     lru
Version:   0.12.5
Warning:   unsound
Title:     `IterMut` violates Stacked Borrows by invalidating internal pointer
Date:      2026-01-07
ID:        RUSTSEC-2026-0002
URL:       https://rustsec.org/advisories/RUSTSEC-2026-0002

Crate:     lru
Version:   0.12.5
Warning:   unsound
Title:     Potential use-after-free due to lack of panic safety in `LruCache::pop()`
Date:      2026-05-12
ID:        RUSTSEC-2026-0253
URL:       https://rustsec.org/advisories/RUSTSEC-2026-0253

error: 3 denied warnings found!
