   Compiling syn v3.0.6
   Compiling serde_core v1.0.229
   Compiling synstructure v0.14.0
   Compiling serde v1.0.229
   Compiling aho-corasick v1.1.5
   Compiling zerofrom-derive v0.1.8
   Compiling zerofrom v0.1.8
   Compiling yoke-derive v0.8.3
   Compiling yoke v0.8.3
   Compiling zerovec-derive v0.11.6
   Compiling displaydoc v0.2.7
   Compiling serde_derive v1.0.229
   Compiling zerovec v0.11.8
   Compiling tinystr v0.8.4
   Compiling icu_locale_core v2.3.0
   Compiling potential_utf v0.1.6
   Compiling zerotrie v0.2.5
   Compiling ref-cast-impl v1.0.27
   Compiling ref-cast v1.0.27
   Compiling icu_provider v2.3.1
   Compiling icu_collections v2.3.0
   Compiling serde_json v1.0.151
   Compiling regex-automata v0.4.18
   Compiling rustix v1.1.5
   Compiling icu_properties v2.3.0
   Compiling icu_normalizer v2.3.0
   Compiling uuid v1.26.1
   Compiling serde_derive_internals v0.30.0
   Compiling linux-raw-sys v0.12.1
   Compiling fluent-uri v0.3.2
   Compiling schemars_derive v1.2.2
   Compiling idna_adapter v1.2.2
   Compiling regex v1.13.1
   Compiling ahash v0.8.12
   Compiling thiserror-impl v2.0.20
   Compiling referencing v0.33.0
   Compiling uuid-simd v0.8.0
   Compiling thiserror v2.0.20
   Compiling tempfile v3.27.0
   Compiling schemars v1.2.2
   Compiling idna v1.1.0
   Compiling fancy-regex v0.16.2
   Compiling email_address v0.2.9
   Compiling ppv-lite86 v0.2.21
   Compiling jsonschema v0.33.0
   Compiling rusty-fork v0.3.1
   Compiling rand_chacha v0.9.0
   Compiling semwright-types v0.9.0-dev.1 (/home/sergio/Documents/Projects/semwright/crates/types)
   Compiling rand v0.9.5
   Compiling proptest v1.11.0
   Compiling semwright-registry v0.9.0-dev.1 (/home/sergio/Documents/Projects/semwright/crates/registry)
    Finished `test` profile [unoptimized] target(s) in 17.87s
     Running unittests src/lib.rs (/tmp/semwright-target/debug/deps/semwright_registry-0798a9f02b95120d)

running 11 tests
test tests::remote_schema_is_forbidden ... ok
test tests::discovery_is_bounded ... ok
test catalog::tests::exact_id_wins_with_stable_digest ... ok
test catalog::tests::filters_and_pagination_revision_do_not_change_authority ... ok
test tests::no_duplicate_registration ... ok
test tests::no_client_backend_internals ... ok
test catalog::tests::empty_identifier_is_rejected ... ok
test tests::every_schema_builds ... ok
test catalog::tests::source_cannot_claim_core_or_trusted_metadata ... ok
test tests::schemas_reject_unbounded_snapshots ... ok
test catalog::tests::quotes_are_phrases_and_order_is_deterministic ... ok

test result: ok. 11 passed; 0 failed; 0 ignored; 0 measured; 0 filtered out; finished in 0.31s

   Doc-tests semwright_registry

running 0 tests

test result: ok. 0 passed; 0 failed; 0 ignored; 0 measured; 0 filtered out; finished in 0.00s

